*** Start analyzing build configuration ***
*** List of included argument files ***
    Build configuration file:  /home/student/mslezak/VDIC/.dvt/lab04part1.build
    -F /home/student/mslezak/VDIC/lab04part1/tb/tb.f
*** Done analyzing build configuration [11 ms] ***

*** Start SystemVerilog build ***
*** Invocation #1***
Loading (1) /home/student/mslezak/VDIC/lab04part1/tb/lab04part1.sv ...
Done /home/student/mslezak/VDIC/lab04part1/tb/lab04part1.sv [9 ms, 369 lines, SystemVerilog_2012] ...
*** Done invocation #1 [5 ms] ***
*** Done parsing [LT 3 ms, PT 5.0 ms] ***
*** Total number of lines [369] ***
Performing post full build actions ...
Performing post full build step 1 (SRI) [0 ms] ...
Performing post full build step 2 (RI) [0 ms] ...
Performing post full build step 3 (RCP) [1 ms] ...
*** Files summary [1 total, 1 unique, 0 optimized] ***
*** Done SystemVerilog build [15 ms] ***

*** Start mixed mode extension build ***
Performing mixed post full build step (VLOG - RI) [0 ms] ...
*** Warning: UNSPECIFIED_TOP: Please specify a -top module/entity/configuration in the project build file

Performing mixed post full build step (MIXED - ELAB) [0 ms] ...
Performing mixed post full build step (MIXED - UNEL) [53 ms] ...
*** Warning: UNELABORATED_MODULE: Module 'work.top' is not elaborated
    at line 211 in /home/student/mslezak/VDIC/lab04part1/tb/lab04part1.sv [compile index 1]

Performing mixed post full build step (VLOG - RD) [0 ms] ...
Performing mixed post full build step (VLOG - FSC) [53 ms] ...
Performing mixed post full build step (VLOG - EV) [53 ms] ...
Performing mixed post full build step (VLOG - ELPC) [0 ms] ...
Performing mixed post full build step (VLOG - US) [52 ms] ...
*** Warning: SIGNAL_NEVER_WRITTEN: Signal 'line' is never written
    at line 216 in /home/student/mslezak/VDIC/lab04part1/tb/lab04part1.sv [compile index 1]

*** Warning: SIGNAL_NEVER_USED: Signal 'temp_x' is never used
    at line 219 in /home/student/mslezak/VDIC/lab04part1/tb/lab04part1.sv [compile index 1]

*** Warning: SIGNAL_NEVER_USED: Signal 'temp_y' is never used
    at line 219 in /home/student/mslezak/VDIC/lab04part1/tb/lab04part1.sv [compile index 1]

*** Done mixed mode extension build [292 ms] ***
*** Start adding/validating the DVT Auto-Linked resources ***
*** Done adding/validating the DVT Auto-Linked resources [2 ms] ***
*** Total build time [320 ms] ***
